// Jest Snapshot v1, https://goo.gl/fbAQLP

exports[`DeviationsBrowsePaginationContainer can be rendered correctly 1`] = `
<section
  className="section"
  style={Object {}}
>
  <div
    className="container"
    style={Object {}}
  >
    <nav
      aria-label="pagination"
      className="pagination"
    >
      <a
        className="pagination-previous"
        disabled={false}
        onClick={[Function]}
        role="button"
        tabIndex={0}
        title="This is the first page"
      >
        Previous
      </a>
      <a
        className="pagination-next"
        disabled={false}
        onClick={[Function]}
        role="button"
        tabIndex={0}
      >
        Next
      </a>
      <ul
        className="pagination-list"
      >
        <li
          key="1"
        >
          <a
            aria-current="page"
            aria-label="Page 1"
            className="pagination-link"
            onClick={[Function]}
            role="button"
            tabIndex={0}
          >
            1
          </a>
        </li>
        <li
          key="2"
        >
          <a
            aria-current="page"
            aria-label="Page 2"
            className="pagination-link is-current"
            role="button"
            tabIndex={0}
          >
            2
          </a>
        </li>
        <li
          key="3"
        >
          <a
            aria-current="page"
            aria-label="Page 3"
            className="pagination-link"
            onClick={[Function]}
            role="button"
            tabIndex={0}
          >
            3
          </a>
        </li>
        <li
          key="4"
        >
          <a
            aria-current="page"
            aria-label="Page 4"
            className="pagination-link"
            onClick={[Function]}
            role="button"
            tabIndex={0}
          >
            4
          </a>
        </li>
      </ul>
    </nav>
  </div>
</section>
`;
